// Jest Snapshot v1, https://goo.gl/fbAQLP

exports[`renders homepage unchanged 1`] = `
<div>
  <footer
    class="bg-gray-900 text-white p-4"
  >
    <div
      class="container mx-auto flex flex-wrap justify-between items-start"
    >
      <section
        aria-labelledby="about-us"
        class="w-full md:w-1/3 mb-4 md:mb-0"
      >
        <h3
          class="text-lg font-semibold mb-2"
          id="about-us"
        >
          About us
        </h3>
        <p
          class="text-gray-400"
        >
          We are a team of passionate people who are dedicated to providing the best online shopping experience.
        </p>
      </section>
      <address
        class="w-full md:w-1/3 mb-4 md:mb-0"
      >
        <h3
          class="text-lg font-semibold mb-2"
        >
          Contacts
        </h3>
        <p
          class="text-gray-400"
        >
          Email: info@myshop.com
        </p>
        <p
          class="text-gray-400"
        >
          Phone: +123 456 7890
        </p>
      </address>
      <section
        aria-labelledby="privacy-policy"
        class="w-full md:w-1/3 mb-4 md:mb-0"
      >
        <h3
          class="text-lg font-semibold mb-2"
          id="privacy-policy"
        >
          Privacy policy
        </h3>
        <a
          class="text-gray-400 hover:text-gray-300"
          href="/privacy"
        >
          Learn more
        </a>
      </section>
    </div>
    <nav
      aria-label="Social networks"
      class="container mx-auto mt-4 border-t border-gray-700 pt-4 flex justify-center space-x-4"
    >
      <a
        aria-label="Facebook"
        class="text-gray-400 hover:text-gray-300"
        href="https://facebook.com"
      >
        <svg
          class="h-6 w-6"
          fill="currentColor"
          viewBox="0 0 24 24"
          xmlns="http://www.w3.org/2000/svg"
        >
          <path
            d="M12 2.04c-5.5 0-10 4.5-10 10.02 0 5.01 3.66 9.13 8.43 9.95v-7.07H8.08v-2.88h2.35v-2.15c0-2.32 1.41-3.59 3.46-3.59.99 0 1.84.07 2.09.1v2.43H14.7c-1.08 0-1.29.51-1.29 1.26v1.66h2.57l-.34 2.88h-2.23v7.08c4.77-.82 8.44-4.94 8.44-9.96 0-5.52-4.5-10.02-10-10.02z"
          />
        </svg>
      </a>
      <a
        aria-label="Twitter"
        class="text-gray-400 hover:text-gray-300"
        href="https://twitter.com"
      >
        <svg
          class="h-6 w-6"
          fill="currentColor"
          viewBox="0 0 24 24"
          xmlns="http://www.w3.org/2000/svg"
        >
          <path
            d="M24 4.56c-.88.39-1.83.65-2.83.77a4.92 4.92 0 002.15-2.71 9.86 9.86 0 01-3.1 1.18 4.92 4.92 0 00-8.42 4.48 13.96 13.96 0 01-10.16-5.16 4.92 4.92 0 001.52 6.57 4.89 4.89 0 01-2.23-.61v.06a4.93 4.93 0 003.95 4.83 4.89 4.89 0 01-2.22.08 4.93 4.93 0 004.6 3.43 9.86 9.86 0 01-7.29 2.03 13.96 13.96 0 007.55 2.21c9.06 0 14.01-7.51 14.01-14.01 0-.21-.01-.42-.02-.63A9.98 9.98 0 0024 4.56z"
          />
        </svg>
      </a>
      <a
        aria-label="Instagram"
        class="text-gray-400 hover:text-gray-300"
        href="https://instagram.com"
      >
        <svg
          class="h-6 w-6"
          fill="currentColor"
          viewBox="0 0 24 24"
          xmlns="http://www.w3.org/2000/svg"
        >
          <path
            d="M12 2.2c3.2 0 3.59 0 4.85.07 1.23.06 1.9.26 2.34.45.52.2.9.44 1.28.82.38.38.62.76.82 1.28.19.44.39 1.1.45 2.34.07 1.26.07 1.66.07 4.85s0 3.59-.07 4.85c-.06 1.23-.26 1.9-.45 2.34-.2.52-.44.9-.82 1.28-.38.38-.76.62-1.28.82-.44.19-1.1.39-2.34.45-1.26.07-1.66.07-4.85.07s-3.59 0-4.85-.07c-1.23-.06-1.9-.26-2.34-.45-.52-.2-.9-.44-1.28-.82-.38-.38-.62-.76-.82-1.28-.19-.44-.39-1.1-.45-2.34-.07-1.26-.07-1.66-.07-4.85s0-3.59.07-4.85c.06-1.23.26-1.9.45-2.34.2-.52.44-.9.82-1.28.38-.38.76-.62 1.28-.82.44-.19 1.1-.39 2.34-.45C8.41 2.2 8.8 2.2 12 2.2zm0 1.8c-3.17 0-3.55 0-4.79.06-1.09.06-1.57.24-1.94.4-.49.19-.83.42-1.2.8-.38.37-.61.71-.8 1.2-.17.37-.34.86-.4 1.94-.07 1.24-.07 1.62-.07 4.79s0 3.55.07 4.79c.06 1.09.24 1.57.4 1.94.19.49.42.83.8 1.2.37.38.71.61 1.2.8.37.17.86.34 1.94.4 1.24.07 1.62.07 4.79.07s3.55 0 4.79-.07c1.09-.06 1.57-.24 1.94-.4.49-.19.83-.42 1.2-.8.38-.37.61-.71.8-1.2.17-.37.34-.86.4-1.94.07-1.24.07-1.62.07-4.79s0-3.55-.07-4.79c-.06-1.09-.24-1.57-.4-1.94-.19-.49-.42-.83-.8-1.2-.37-.38-.71-.61-1.2-.8-.37-.17-.86-.34-1.94-.4-1.24-.07-1.62-.07-4.79-.07zM12 5.83A6.17 6.17 0 105.83 12 6.17 6.17 0 0012 5.83zm0 1.8a4.38 4.38 0 110 8.77 4.38 4.38 0 010-8.77zm6.57-1.8a1.44 1.44 0 11-1.44 1.44 1.44 1.44 0 011.44-1.44z"
          />
        </svg>
      </a>
    </nav>
  </footer>
</div>
`;
